// Jest Snapshot v1, https://goo.gl/fbAQLP

exports[`IssueDiff is loading when initially rendering 1`] = `
<div
  className="issue-diff loading"
>
  <LoadingIndicator />
</div>
`;
